// Jest Snapshot v1, https://goo.gl/fbAQLP

exports[`LayoutCell should render extraClassNames in props 1`] = `
<div
  className="hello"
>
  Hello
</div>
`;
